c:\users\gunes\onedrive\masaüstü\vulkantutorials\vulkan\x64\debug\vc143.pdb
c:\users\gunes\onedrive\masaüstü\vulkantutorials\vulkan\x64\debug\vc143.idb
c:\users\gunes\source\repos\zyreniee\vulkantutorials\vulkan\x64\debug\vc143.pdb
c:\users\gunes\source\repos\zyreniee\vulkantutorials\vulkan\x64\debug\vc143.idb
c:\users\gunes\source\repos\zyreniee\vulkantutorials\vulkan\x64\debug\lve_swap_chain.obj
c:\users\gunes\source\repos\zyreniee\vulkantutorials\vulkan\x64\debug\lve_device.obj
c:\users\gunes\source\repos\zyreniee\vulkantutorials\vulkan\x64\debug\main.obj
c:\users\gunes\source\repos\zyreniee\vulkantutorials\vulkan\x64\debug\lve_window.obj
c:\users\gunes\source\repos\zyreniee\vulkantutorials\vulkan\x64\debug\lve_pipeline.obj
c:\users\gunes\source\repos\zyreniee\vulkantutorials\vulkan\x64\debug\lve_model.obj
c:\users\gunes\source\repos\zyreniee\vulkantutorials\vulkan\x64\debug\first_app.obj
c:\users\gunes\onedrive\masaüstü\vulkantutorials\x64\debug\vulkan.exe
c:\users\gunes\onedrive\masaüstü\vulkantutorials\x64\debug\vulkan.pdb
c:\users\gunes\source\repos\zyreniee\vulkantutorials\x64\debug\vulkan.exe
c:\users\gunes\source\repos\zyreniee\vulkantutorials\x64\debug\vulkan.pdb
c:\users\gunes\onedrive\masaüstü\vulkantutorials\vulkan\x64\debug\vulkan.res
c:\users\gunes\source\repos\zyreniee\vulkantutorials\vulkan\x64\debug\vulkan.res
c:\users\gunes\source\repos\zyreniee\vulkantutorials\vulkan\x64\debug\vulkan.ilk
c:\users\gunes\source\repos\zyreniee\vulkantutorials\vulkan\x64\debug\main2.obj
c:\users\gunes\source\repos\zyreniee\vulkantutorials\vulkan\x64\debug\validation_layers.obj
c:\users\gunes\source\repos\zyreniee\vulkantutorials\vulkan\x64\debug\vulkan.obj
c:\users\gunes\source\repos\zyreniee\vulkantutorials\x64\debug\vulkan.ilk
c:\users\gunes\source\repos\zyreniee\vulkantutorials\vulkan\x64\debug\vulkan.tlog\cl.command.1.tlog
c:\users\gunes\source\repos\zyreniee\vulkantutorials\vulkan\x64\debug\vulkan.tlog\cl.items.tlog
c:\users\gunes\source\repos\zyreniee\vulkantutorials\vulkan\x64\debug\vulkan.tlog\cl.read.1.tlog
c:\users\gunes\source\repos\zyreniee\vulkantutorials\vulkan\x64\debug\vulkan.tlog\cl.write.1.tlog
c:\users\gunes\source\repos\zyreniee\vulkantutorials\vulkan\x64\debug\vulkan.tlog\link.command.1.tlog
c:\users\gunes\source\repos\zyreniee\vulkantutorials\vulkan\x64\debug\vulkan.tlog\link.read.1.tlog
c:\users\gunes\source\repos\zyreniee\vulkantutorials\vulkan\x64\debug\vulkan.tlog\link.secondary.1.tlog
c:\users\gunes\source\repos\zyreniee\vulkantutorials\vulkan\x64\debug\vulkan.tlog\link.write.1.tlog
c:\users\gunes\source\repos\zyreniee\vulkantutorials\vulkan\x64\debug\vulkan.tlog\rc.command.1.tlog
c:\users\gunes\source\repos\zyreniee\vulkantutorials\vulkan\x64\debug\vulkan.tlog\rc.read.1.tlog
c:\users\gunes\source\repos\zyreniee\vulkantutorials\vulkan\x64\debug\vulkan.tlog\rc.write.1.tlog
